./bin/sicstus
./bin/spconfig-4.6.0
./bin/spdet
./bin/sprt
./bin/sprti
./bin/spxref
./bin/mzn-sicstus
./bin/spfz
prebuilt_distrib
prebuilt_Common
prebuilt_spld.config_tmp
./include/sicstus/
./lib/libsprt4-6-0.so
./lib/libsprt4-6-0.a
./lib/libspnative.so
./lib/sicstus-4.6.0/bin/main.o
./lib/sicstus-4.6.0/bin/charmain.o
./lib/sicstus-4.6.0/bin/intrpt.o
./lib/sicstus-4.6.0/bin/jasper.jar
./lib/sicstus-4.6.0/bin/prologbeans.jar
./lib/sicstus-4.6.0/bin/spaux.o
./lib/sicstus-4.6.0/bin/spds.sav
./lib/sicstus-4.6.0/bin/sprt.sav
./lib/sicstus-4.6.0/bin/spre.sav
./lib/sicstus-4.6.0/library
./lib/sicstus-4.6.0/se/sics/jasper/AtomRegisterFailure.java
./lib/sicstus-4.6.0/se/sics/jasper/ConversionFailedException.java
./lib/sicstus-4.6.0/se/sics/jasper/IllegalCallerException.java
./lib/sicstus-4.6.0/se/sics/jasper/IllegalTermException.java
./lib/sicstus-4.6.0/se/sics/jasper/Jasper.java
./lib/sicstus-4.6.0/se/sics/jasper/Makefile
./lib/sicstus-4.6.0/se/sics/jasper/NativeCodeException.java
./lib/sicstus-4.6.0/se/sics/jasper/Prolog.java
./lib/sicstus-4.6.0/se/sics/jasper/PrologException.java
./lib/sicstus-4.6.0/se/sics/jasper/Query.java
./lib/sicstus-4.6.0/se/sics/jasper/SICStus.java
./lib/sicstus-4.6.0/se/sics/jasper/SPCanonicalAtom.java
./lib/sicstus-4.6.0/se/sics/jasper/SPException.java
./lib/sicstus-4.6.0/se/sics/jasper/SPPredicate.java
./lib/sicstus-4.6.0/se/sics/jasper/SPQuery.java
./lib/sicstus-4.6.0/se/sics/jasper/SPTerm.java
./lib/sicstus-4.6.0/se/sics/jasper/Server.java
./lib/sicstus-4.6.0/se/sics/jasper/Term.java
./lib/sicstus-4.6.0/se/sics/prologbeans/AppSession.java
./lib/sicstus-4.6.0/se/sics/prologbeans/Bindings.java
./lib/sicstus-4.6.0/se/sics/prologbeans/FastParser.java
./lib/sicstus-4.6.0/se/sics/prologbeans/FastWriter.java
./lib/sicstus-4.6.0/se/sics/prologbeans/Makefile
./lib/sicstus-4.6.0/se/sics/prologbeans/PBAtomic.java
./lib/sicstus-4.6.0/se/sics/prologbeans/PBAtom.java
./lib/sicstus-4.6.0/se/sics/prologbeans/PBBignum.java
./lib/sicstus-4.6.0/se/sics/prologbeans/PBCompound.java
./lib/sicstus-4.6.0/se/sics/prologbeans/PBFloat.java
./lib/sicstus-4.6.0/se/sics/prologbeans/PBInteger.java
./lib/sicstus-4.6.0/se/sics/prologbeans/PBListCell.java
./lib/sicstus-4.6.0/se/sics/prologbeans/PBMonitor.java
./lib/sicstus-4.6.0/se/sics/prologbeans/PBNil.java
./lib/sicstus-4.6.0/se/sics/prologbeans/PBTerm.java
./lib/sicstus-4.6.0/se/sics/prologbeans/PBVariable.java
./lib/sicstus-4.6.0/se/sics/prologbeans/PrologSession.java
./lib/sicstus-4.6.0/se/sics/prologbeans/QueryAnswer.java
./lib/sicstus-4.6.0/doc/manp.zip
./lib/sicstus-4.6.0/emacs/pltrace.el
./lib/sicstus-4.6.0/emacs/prolog.el
./lib/sicstus-4.6.0/emacs/sicstus-support.el
./lib/sicstus-4.6.0/emacs/sicstus_emacs_init.el
